2026-08-14 21:35:56 [ERROR]: Unable to connect to the database:
SequelizeConnectionRefusedError
    at ConnectionManager.connect (D:\Projects\gym-project\gym-project\gym-project-be\node_modules\sequelize\src\dialects\mysql\connection-manager.js:116:17)
    at processTicksAndRejections (node:internal/process/task_queues:104:5)
    at async ConnectionManager._connect (D:\Projects\gym-project\gym-project\gym-project-be\node_modules\sequelize\src\dialects\abstract\connection-manager.js:332:24)
    at async D:\Projects\gym-project\gym-project\gym-project-be\node_modules\sequelize\src\dialects\abstract\connection-manager.js:250:32
    at async ConnectionManager.getConnection (D:\Projects\gym-project\gym-project\gym-project-be\node_modules\sequelize\src\dialects\abstract\connection-manager.js:280:7)
    at async D:\Projects\gym-project\gym-project\gym-project-be\node_modules\sequelize\src\sequelize.js:638:26
    at async Sequelize.authenticate (D:\Projects\gym-project\gym-project\gym-project-be\node_modules\sequelize\src\sequelize.js:972:5)
    at async connectDatabase (D:\Projects\gym-project\gym-project\gym-project-be\src\config\database.config.ts:93:5)
    at async startServer (D:\Projects\gym-project\gym-project\gym-project-be\src\index.ts:153:5)
{
  "name": "SequelizeConnectionRefusedError",
  "parent": {
    "code": "ECONNREFUSED",
    "fatal": true
  },
  "original": {
    "code": "ECONNREFUSED",
    "fatal": true
  }
}
2026-08-14 21:38:48 [ERROR]: Unable to connect to the database:
SequelizeConnectionRefusedError
    at ConnectionManager.connect (D:\Projects\gym-project\gym-project\gym-project-be\node_modules\sequelize\src\dialects\mysql\connection-manager.js:116:17)
    at processTicksAndRejections (node:internal/process/task_queues:104:5)
    at async ConnectionManager._connect (D:\Projects\gym-project\gym-project\gym-project-be\node_modules\sequelize\src\dialects\abstract\connection-manager.js:332:24)
    at async D:\Projects\gym-project\gym-project\gym-project-be\node_modules\sequelize\src\dialects\abstract\connection-manager.js:250:32
    at async ConnectionManager.getConnection (D:\Projects\gym-project\gym-project\gym-project-be\node_modules\sequelize\src\dialects\abstract\connection-manager.js:280:7)
    at async D:\Projects\gym-project\gym-project\gym-project-be\node_modules\sequelize\src\sequelize.js:638:26
    at async Sequelize.authenticate (D:\Projects\gym-project\gym-project\gym-project-be\node_modules\sequelize\src\sequelize.js:972:5)
    at async connectDatabase (D:\Projects\gym-project\gym-project\gym-project-be\src\config\database.config.ts:93:5)
    at async startServer (D:\Projects\gym-project\gym-project\gym-project-be\src\index.ts:153:5)
{
  "name": "SequelizeConnectionRefusedError",
  "parent": {
    "code": "ECONNREFUSED",
    "fatal": true
  },
  "original": {
    "code": "ECONNREFUSED",
    "fatal": true
  }
}
2026-08-14 22:02:03 [ERROR]: Unable to connect to the database:
SequelizeConnectionRefusedError
    at ConnectionManager.connect (D:\Projects\gym-project\gym-project\gym-project-be\node_modules\sequelize\src\dialects\mysql\connection-manager.js:116:17)
    at processTicksAndRejections (node:internal/process/task_queues:104:5)
    at async ConnectionManager._connect (D:\Projects\gym-project\gym-project\gym-project-be\node_modules\sequelize\src\dialects\abstract\connection-manager.js:332:24)
    at async D:\Projects\gym-project\gym-project\gym-project-be\node_modules\sequelize\src\dialects\abstract\connection-manager.js:250:32
    at async ConnectionManager.getConnection (D:\Projects\gym-project\gym-project\gym-project-be\node_modules\sequelize\src\dialects\abstract\connection-manager.js:280:7)
    at async D:\Projects\gym-project\gym-project\gym-project-be\node_modules\sequelize\src\sequelize.js:638:26
    at async Sequelize.authenticate (D:\Projects\gym-project\gym-project\gym-project-be\node_modules\sequelize\src\sequelize.js:972:5)
    at async connectDatabase (D:\Projects\gym-project\gym-project\gym-project-be\src\config\database.config.ts:93:5)
    at async startServer (D:\Projects\gym-project\gym-project\gym-project-be\src\index.ts:153:5)
{
  "name": "SequelizeConnectionRefusedError",
  "parent": {
    "code": "ECONNREFUSED",
    "fatal": true
  },
  "original": {
    "code": "ECONNREFUSED",
    "fatal": true
  }
}
2026-08-14 22:14:24 [ERROR]: Unable to connect to the database:
SequelizeConnectionRefusedError
    at ConnectionManager.connect (D:\Projects\gym-project\gym-project\gym-project-be\node_modules\sequelize\src\dialects\mysql\connection-manager.js:116:17)
    at processTicksAndRejections (node:internal/process/task_queues:104:5)
    at async ConnectionManager._connect (D:\Projects\gym-project\gym-project\gym-project-be\node_modules\sequelize\src\dialects\abstract\connection-manager.js:332:24)
    at async D:\Projects\gym-project\gym-project\gym-project-be\node_modules\sequelize\src\dialects\abstract\connection-manager.js:250:32
    at async ConnectionManager.getConnection (D:\Projects\gym-project\gym-project\gym-project-be\node_modules\sequelize\src\dialects\abstract\connection-manager.js:280:7)
    at async D:\Projects\gym-project\gym-project\gym-project-be\node_modules\sequelize\src\sequelize.js:638:26
    at async Sequelize.authenticate (D:\Projects\gym-project\gym-project\gym-project-be\node_modules\sequelize\src\sequelize.js:972:5)
    at async connectDatabase (D:\Projects\gym-project\gym-project\gym-project-be\src\config\database.config.ts:93:5)
    at async startServer (D:\Projects\gym-project\gym-project\gym-project-be\src\index.ts:153:5)
{
  "name": "SequelizeConnectionRefusedError",
  "parent": {
    "code": "ECONNREFUSED",
    "fatal": true
  },
  "original": {
    "code": "ECONNREFUSED",
    "fatal": true
  }
}
2026-08-14 22:14:59 [ERROR]: Unable to connect to the database:
SequelizeConnectionRefusedError
    at ConnectionManager.connect (D:\Projects\gym-project\gym-project\gym-project-be\node_modules\sequelize\src\dialects\mysql\connection-manager.js:116:17)
    at processTicksAndRejections (node:internal/process/task_queues:104:5)
    at async ConnectionManager._connect (D:\Projects\gym-project\gym-project\gym-project-be\node_modules\sequelize\src\dialects\abstract\connection-manager.js:332:24)
    at async D:\Projects\gym-project\gym-project\gym-project-be\node_modules\sequelize\src\dialects\abstract\connection-manager.js:250:32
    at async ConnectionManager.getConnection (D:\Projects\gym-project\gym-project\gym-project-be\node_modules\sequelize\src\dialects\abstract\connection-manager.js:280:7)
    at async D:\Projects\gym-project\gym-project\gym-project-be\node_modules\sequelize\src\sequelize.js:638:26
    at async Sequelize.authenticate (D:\Projects\gym-project\gym-project\gym-project-be\node_modules\sequelize\src\sequelize.js:972:5)
    at async connectDatabase (D:\Projects\gym-project\gym-project\gym-project-be\src\config\database.config.ts:93:5)
    at async startServer (D:\Projects\gym-project\gym-project\gym-project-be\src\index.ts:153:5)
{
  "name": "SequelizeConnectionRefusedError",
  "parent": {
    "code": "ECONNREFUSED",
    "fatal": true
  },
  "original": {
    "code": "ECONNREFUSED",
    "fatal": true
  }
}
2026-08-14 22:15:14 [ERROR]: Unable to connect to the database:
SequelizeConnectionRefusedError
    at ConnectionManager.connect (D:\Projects\gym-project\gym-project\gym-project-be\node_modules\sequelize\src\dialects\mysql\connection-manager.js:116:17)
    at processTicksAndRejections (node:internal/process/task_queues:104:5)
    at async ConnectionManager._connect (D:\Projects\gym-project\gym-project\gym-project-be\node_modules\sequelize\src\dialects\abstract\connection-manager.js:332:24)
    at async D:\Projects\gym-project\gym-project\gym-project-be\node_modules\sequelize\src\dialects\abstract\connection-manager.js:250:32
    at async ConnectionManager.getConnection (D:\Projects\gym-project\gym-project\gym-project-be\node_modules\sequelize\src\dialects\abstract\connection-manager.js:280:7)
    at async D:\Projects\gym-project\gym-project\gym-project-be\node_modules\sequelize\src\sequelize.js:638:26
    at async Sequelize.authenticate (D:\Projects\gym-project\gym-project\gym-project-be\node_modules\sequelize\src\sequelize.js:972:5)
    at async connectDatabase (D:\Projects\gym-project\gym-project\gym-project-be\src\config\database.config.ts:93:5)
    at async startServer (D:\Projects\gym-project\gym-project\gym-project-be\src\index.ts:153:5)
{
  "name": "SequelizeConnectionRefusedError",
  "parent": {
    "code": "ECONNREFUSED",
    "fatal": true
  },
  "original": {
    "code": "ECONNREFUSED",
    "fatal": true
  }
}
2026-08-14 22:15:33 [ERROR]: Unable to connect to the database:
SequelizeConnectionRefusedError
    at ConnectionManager.connect (D:\Projects\gym-project\gym-project\gym-project-be\node_modules\sequelize\src\dialects\mysql\connection-manager.js:116:17)
    at processTicksAndRejections (node:internal/process/task_queues:104:5)
    at async ConnectionManager._connect (D:\Projects\gym-project\gym-project\gym-project-be\node_modules\sequelize\src\dialects\abstract\connection-manager.js:332:24)
    at async D:\Projects\gym-project\gym-project\gym-project-be\node_modules\sequelize\src\dialects\abstract\connection-manager.js:250:32
    at async ConnectionManager.getConnection (D:\Projects\gym-project\gym-project\gym-project-be\node_modules\sequelize\src\dialects\abstract\connection-manager.js:280:7)
    at async D:\Projects\gym-project\gym-project\gym-project-be\node_modules\sequelize\src\sequelize.js:638:26
    at async Sequelize.authenticate (D:\Projects\gym-project\gym-project\gym-project-be\node_modules\sequelize\src\sequelize.js:972:5)
    at async connectDatabase (D:\Projects\gym-project\gym-project\gym-project-be\src\config\database.config.ts:93:5)
    at async startServer (D:\Projects\gym-project\gym-project\gym-project-be\src\index.ts:153:5)
{
  "name": "SequelizeConnectionRefusedError",
  "parent": {
    "code": "ECONNREFUSED",
    "fatal": true
  },
  "original": {
    "code": "ECONNREFUSED",
    "fatal": true
  }
}
2026-08-14 22:15:57 [ERROR]: Unable to connect to the database:
SequelizeConnectionRefusedError
    at ConnectionManager.connect (D:\Projects\gym-project\gym-project\gym-project-be\node_modules\sequelize\src\dialects\mysql\connection-manager.js:116:17)
    at processTicksAndRejections (node:internal/process/task_queues:104:5)
    at async ConnectionManager._connect (D:\Projects\gym-project\gym-project\gym-project-be\node_modules\sequelize\src\dialects\abstract\connection-manager.js:332:24)
    at async D:\Projects\gym-project\gym-project\gym-project-be\node_modules\sequelize\src\dialects\abstract\connection-manager.js:250:32
    at async ConnectionManager.getConnection (D:\Projects\gym-project\gym-project\gym-project-be\node_modules\sequelize\src\dialects\abstract\connection-manager.js:280:7)
    at async D:\Projects\gym-project\gym-project\gym-project-be\node_modules\sequelize\src\sequelize.js:638:26
    at async Sequelize.authenticate (D:\Projects\gym-project\gym-project\gym-project-be\node_modules\sequelize\src\sequelize.js:972:5)
    at async connectDatabase (D:\Projects\gym-project\gym-project\gym-project-be\src\config\database.config.ts:93:5)
    at async startServer (D:\Projects\gym-project\gym-project\gym-project-be\src\index.ts:153:5)
{
  "name": "SequelizeConnectionRefusedError",
  "parent": {
    "code": "ECONNREFUSED",
    "fatal": true
  },
  "original": {
    "code": "ECONNREFUSED",
    "fatal": true
  }
}
2026-08-14 22:16:06 [ERROR]: Unable to connect to the database:
SequelizeConnectionRefusedError
    at ConnectionManager.connect (D:\Projects\gym-project\gym-project\gym-project-be\node_modules\sequelize\src\dialects\mysql\connection-manager.js:116:17)
    at processTicksAndRejections (node:internal/process/task_queues:104:5)
    at async ConnectionManager._connect (D:\Projects\gym-project\gym-project\gym-project-be\node_modules\sequelize\src\dialects\abstract\connection-manager.js:332:24)
    at async D:\Projects\gym-project\gym-project\gym-project-be\node_modules\sequelize\src\dialects\abstract\connection-manager.js:250:32
    at async ConnectionManager.getConnection (D:\Projects\gym-project\gym-project\gym-project-be\node_modules\sequelize\src\dialects\abstract\connection-manager.js:280:7)
    at async D:\Projects\gym-project\gym-project\gym-project-be\node_modules\sequelize\src\sequelize.js:638:26
    at async Sequelize.authenticate (D:\Projects\gym-project\gym-project\gym-project-be\node_modules\sequelize\src\sequelize.js:972:5)
    at async connectDatabase (D:\Projects\gym-project\gym-project\gym-project-be\src\config\database.config.ts:93:5)
    at async startServer (D:\Projects\gym-project\gym-project\gym-project-be\src\index.ts:153:5)
{
  "name": "SequelizeConnectionRefusedError",
  "parent": {
    "code": "ECONNREFUSED",
    "fatal": true
  },
  "original": {
    "code": "ECONNREFUSED",
    "fatal": true
  }
}
2026-08-14 22:16:15 [ERROR]: Unable to connect to the database:
SequelizeConnectionRefusedError
    at ConnectionManager.connect (D:\Projects\gym-project\gym-project\gym-project-be\node_modules\sequelize\src\dialects\mysql\connection-manager.js:116:17)
    at processTicksAndRejections (node:internal/process/task_queues:104:5)
    at async ConnectionManager._connect (D:\Projects\gym-project\gym-project\gym-project-be\node_modules\sequelize\src\dialects\abstract\connection-manager.js:332:24)
    at async D:\Projects\gym-project\gym-project\gym-project-be\node_modules\sequelize\src\dialects\abstract\connection-manager.js:250:32
    at async ConnectionManager.getConnection (D:\Projects\gym-project\gym-project\gym-project-be\node_modules\sequelize\src\dialects\abstract\connection-manager.js:280:7)
    at async D:\Projects\gym-project\gym-project\gym-project-be\node_modules\sequelize\src\sequelize.js:638:26
    at async Sequelize.authenticate (D:\Projects\gym-project\gym-project\gym-project-be\node_modules\sequelize\src\sequelize.js:972:5)
    at async connectDatabase (D:\Projects\gym-project\gym-project\gym-project-be\src\config\database.config.ts:93:5)
    at async startServer (D:\Projects\gym-project\gym-project\gym-project-be\src\index.ts:153:5)
{
  "name": "SequelizeConnectionRefusedError",
  "parent": {
    "code": "ECONNREFUSED",
    "fatal": true
  },
  "original": {
    "code": "ECONNREFUSED",
    "fatal": true
  }
}
2026-08-14 22:16:36 [ERROR]: Unable to connect to the database:
SequelizeConnectionRefusedError
    at ConnectionManager.connect (D:\Projects\gym-project\gym-project\gym-project-be\node_modules\sequelize\src\dialects\mysql\connection-manager.js:116:17)
    at processTicksAndRejections (node:internal/process/task_queues:104:5)
    at async ConnectionManager._connect (D:\Projects\gym-project\gym-project\gym-project-be\node_modules\sequelize\src\dialects\abstract\connection-manager.js:332:24)
    at async D:\Projects\gym-project\gym-project\gym-project-be\node_modules\sequelize\src\dialects\abstract\connection-manager.js:250:32
    at async ConnectionManager.getConnection (D:\Projects\gym-project\gym-project\gym-project-be\node_modules\sequelize\src\dialects\abstract\connection-manager.js:280:7)
    at async D:\Projects\gym-project\gym-project\gym-project-be\node_modules\sequelize\src\sequelize.js:638:26
    at async Sequelize.authenticate (D:\Projects\gym-project\gym-project\gym-project-be\node_modules\sequelize\src\sequelize.js:972:5)
    at async connectDatabase (D:\Projects\gym-project\gym-project\gym-project-be\src\config\database.config.ts:93:5)
    at async startServer (D:\Projects\gym-project\gym-project\gym-project-be\src\index.ts:153:5)
{
  "name": "SequelizeConnectionRefusedError",
  "parent": {
    "code": "ECONNREFUSED",
    "fatal": true
  },
  "original": {
    "code": "ECONNREFUSED",
    "fatal": true
  }
}
2026-08-14 22:16:49 [ERROR]: Unable to connect to the database:
SequelizeConnectionRefusedError
    at ConnectionManager.connect (D:\Projects\gym-project\gym-project\gym-project-be\node_modules\sequelize\src\dialects\mysql\connection-manager.js:116:17)
    at processTicksAndRejections (node:internal/process/task_queues:104:5)
    at async ConnectionManager._connect (D:\Projects\gym-project\gym-project\gym-project-be\node_modules\sequelize\src\dialects\abstract\connection-manager.js:332:24)
    at async D:\Projects\gym-project\gym-project\gym-project-be\node_modules\sequelize\src\dialects\abstract\connection-manager.js:250:32
    at async ConnectionManager.getConnection (D:\Projects\gym-project\gym-project\gym-project-be\node_modules\sequelize\src\dialects\abstract\connection-manager.js:280:7)
    at async D:\Projects\gym-project\gym-project\gym-project-be\node_modules\sequelize\src\sequelize.js:638:26
    at async Sequelize.authenticate (D:\Projects\gym-project\gym-project\gym-project-be\node_modules\sequelize\src\sequelize.js:972:5)
    at async connectDatabase (D:\Projects\gym-project\gym-project\gym-project-be\src\config\database.config.ts:93:5)
    at async startServer (D:\Projects\gym-project\gym-project\gym-project-be\src\index.ts:153:5)
{
  "name": "SequelizeConnectionRefusedError",
  "parent": {
    "code": "ECONNREFUSED",
    "fatal": true
  },
  "original": {
    "code": "ECONNREFUSED",
    "fatal": true
  }
}
2026-08-14 22:17:52 [ERROR]: Unable to connect to the database:
SequelizeConnectionRefusedError
    at ConnectionManager.connect (D:\Projects\gym-project\gym-project\gym-project-be\node_modules\sequelize\src\dialects\mysql\connection-manager.js:116:17)
    at processTicksAndRejections (node:internal/process/task_queues:104:5)
    at async ConnectionManager._connect (D:\Projects\gym-project\gym-project\gym-project-be\node_modules\sequelize\src\dialects\abstract\connection-manager.js:332:24)
    at async D:\Projects\gym-project\gym-project\gym-project-be\node_modules\sequelize\src\dialects\abstract\connection-manager.js:250:32
    at async ConnectionManager.getConnection (D:\Projects\gym-project\gym-project\gym-project-be\node_modules\sequelize\src\dialects\abstract\connection-manager.js:280:7)
    at async D:\Projects\gym-project\gym-project\gym-project-be\node_modules\sequelize\src\sequelize.js:638:26
    at async Sequelize.authenticate (D:\Projects\gym-project\gym-project\gym-project-be\node_modules\sequelize\src\sequelize.js:972:5)
    at async connectDatabase (D:\Projects\gym-project\gym-project\gym-project-be\src\config\database.config.ts:93:5)
    at async startServer (D:\Projects\gym-project\gym-project\gym-project-be\src\index.ts:153:5)
{
  "name": "SequelizeConnectionRefusedError",
  "parent": {
    "code": "ECONNREFUSED",
    "fatal": true
  },
  "original": {
    "code": "ECONNREFUSED",
    "fatal": true
  }
}
2026-08-14 22:18:04 [ERROR]: Unable to connect to the database:
SequelizeConnectionRefusedError
    at ConnectionManager.connect (D:\Projects\gym-project\gym-project\gym-project-be\node_modules\sequelize\src\dialects\mysql\connection-manager.js:116:17)
    at processTicksAndRejections (node:internal/process/task_queues:104:5)
    at async ConnectionManager._connect (D:\Projects\gym-project\gym-project\gym-project-be\node_modules\sequelize\src\dialects\abstract\connection-manager.js:332:24)
    at async D:\Projects\gym-project\gym-project\gym-project-be\node_modules\sequelize\src\dialects\abstract\connection-manager.js:250:32
    at async ConnectionManager.getConnection (D:\Projects\gym-project\gym-project\gym-project-be\node_modules\sequelize\src\dialects\abstract\connection-manager.js:280:7)
    at async D:\Projects\gym-project\gym-project\gym-project-be\node_modules\sequelize\src\sequelize.js:638:26
    at async Sequelize.authenticate (D:\Projects\gym-project\gym-project\gym-project-be\node_modules\sequelize\src\sequelize.js:972:5)
    at async connectDatabase (D:\Projects\gym-project\gym-project\gym-project-be\src\config\database.config.ts:93:5)
    at async startServer (D:\Projects\gym-project\gym-project\gym-project-be\src\index.ts:153:5)
{
  "name": "SequelizeConnectionRefusedError",
  "parent": {
    "code": "ECONNREFUSED",
    "fatal": true
  },
  "original": {
    "code": "ECONNREFUSED",
    "fatal": true
  }
}
2026-08-14 23:33:46 [ERROR]: Unable to connect to the database:
SequelizeConnectionRefusedError
    at ConnectionManager.connect (D:\Projects\gym-project\gym-project\gym-project-be\node_modules\sequelize\src\dialects\mysql\connection-manager.js:116:17)
    at processTicksAndRejections (node:internal/process/task_queues:104:5)
    at async ConnectionManager._connect (D:\Projects\gym-project\gym-project\gym-project-be\node_modules\sequelize\src\dialects\abstract\connection-manager.js:332:24)
    at async D:\Projects\gym-project\gym-project\gym-project-be\node_modules\sequelize\src\dialects\abstract\connection-manager.js:250:32
    at async ConnectionManager.getConnection (D:\Projects\gym-project\gym-project\gym-project-be\node_modules\sequelize\src\dialects\abstract\connection-manager.js:280:7)
    at async D:\Projects\gym-project\gym-project\gym-project-be\node_modules\sequelize\src\sequelize.js:638:26
    at async Sequelize.authenticate (D:\Projects\gym-project\gym-project\gym-project-be\node_modules\sequelize\src\sequelize.js:972:5)
    at async connectDatabase (D:\Projects\gym-project\gym-project\gym-project-be\src\config\database.config.ts:93:5)
    at async startServer (D:\Projects\gym-project\gym-project\gym-project-be\src\index.ts:153:5)
{
  "name": "SequelizeConnectionRefusedError",
  "parent": {
    "code": "ECONNREFUSED",
    "fatal": true
  },
  "original": {
    "code": "ECONNREFUSED",
    "fatal": true
  }
}
2026-08-14 23:33:53 [ERROR]: Unable to connect to the database:
SequelizeConnectionRefusedError
    at ConnectionManager.connect (D:\Projects\gym-project\gym-project\gym-project-be\node_modules\sequelize\src\dialects\mysql\connection-manager.js:116:17)
    at processTicksAndRejections (node:internal/process/task_queues:104:5)
    at async ConnectionManager._connect (D:\Projects\gym-project\gym-project\gym-project-be\node_modules\sequelize\src\dialects\abstract\connection-manager.js:332:24)
    at async D:\Projects\gym-project\gym-project\gym-project-be\node_modules\sequelize\src\dialects\abstract\connection-manager.js:250:32
    at async ConnectionManager.getConnection (D:\Projects\gym-project\gym-project\gym-project-be\node_modules\sequelize\src\dialects\abstract\connection-manager.js:280:7)
    at async D:\Projects\gym-project\gym-project\gym-project-be\node_modules\sequelize\src\sequelize.js:638:26
    at async Sequelize.authenticate (D:\Projects\gym-project\gym-project\gym-project-be\node_modules\sequelize\src\sequelize.js:972:5)
    at async connectDatabase (D:\Projects\gym-project\gym-project\gym-project-be\src\config\database.config.ts:93:5)
    at async startServer (D:\Projects\gym-project\gym-project\gym-project-be\src\index.ts:153:5)
{
  "name": "SequelizeConnectionRefusedError",
  "parent": {
    "code": "ECONNREFUSED",
    "fatal": true
  },
  "original": {
    "code": "ECONNREFUSED",
    "fatal": true
  }
}
2026-08-14 23:34:27 [ERROR]: Unable to connect to the database:
SequelizeConnectionRefusedError
    at ConnectionManager.connect (D:\Projects\gym-project\gym-project\gym-project-be\node_modules\sequelize\src\dialects\mysql\connection-manager.js:116:17)
    at processTicksAndRejections (node:internal/process/task_queues:104:5)
    at async ConnectionManager._connect (D:\Projects\gym-project\gym-project\gym-project-be\node_modules\sequelize\src\dialects\abstract\connection-manager.js:332:24)
    at async D:\Projects\gym-project\gym-project\gym-project-be\node_modules\sequelize\src\dialects\abstract\connection-manager.js:250:32
    at async ConnectionManager.getConnection (D:\Projects\gym-project\gym-project\gym-project-be\node_modules\sequelize\src\dialects\abstract\connection-manager.js:280:7)
    at async D:\Projects\gym-project\gym-project\gym-project-be\node_modules\sequelize\src\sequelize.js:638:26
    at async Sequelize.authenticate (D:\Projects\gym-project\gym-project\gym-project-be\node_modules\sequelize\src\sequelize.js:972:5)
    at async connectDatabase (D:\Projects\gym-project\gym-project\gym-project-be\src\config\database.config.ts:93:5)
    at async startServer (D:\Projects\gym-project\gym-project\gym-project-be\src\index.ts:153:5)
{
  "name": "SequelizeConnectionRefusedError",
  "parent": {
    "code": "ECONNREFUSED",
    "fatal": true
  },
  "original": {
    "code": "ECONNREFUSED",
    "fatal": true
  }
}
2026-08-14 17:10:48 [INFO]: Database connection established successfully (development)
2026-08-14 17:10:48 [INFO]: Database ready for use (using migrations)
2026-08-14 17:10:48 [INFO]: Database connected successfully
2026-08-14 17:10:48 [INFO]: Session store configured (memory store)
2026-08-14 17:10:48 [INFO]: Redis session store configured
2026-08-14 17:10:48 [INFO]: 🚀 Server running on port 5000 in development mode
2026-08-14 17:10:48 [INFO]: 📊 API Health: http://localhost:5000/api/health
2026-08-14 17:10:48 [INFO]: 📖 API Docs: http://localhost:5000/api/docs
2026-08-14 17:11:32 [INFO]: Login Attempt
{
  "service": "auth",
  "userId": 1,
  "email": "admin@gym.com",
  "ip": "",
  "success": true
}
2026-08-14 17:11:32 [INFO]: Login Attempt
{
  "service": "auth",
  "userId": 1,
  "email": "admin@gym.com",
  "ip": "::ffff:192.168.65.1",
  "success": true
}
2026-08-14 17:11:32 [INFO]: Redis Client Connected
2026-08-14 17:11:32 [INFO]: Redis Client Ready
2026-08-14 17:11:32 [INFO]: Login Attempt
{
  "service": "auth",
  "userId": 1,
  "email": "admin@gym.com",
  "ip": "::ffff:192.168.65.1",
  "success": true
}
2026-08-14 17:11:32 [INFO]: Login Attempt
{
  "service": "auth",
  "userId": 1,
  "email": "admin@gym.com",
  "ip": "::ffff:192.168.65.1",
  "success": true
}
2026-08-14 17:11:38 [INFO]: Login Attempt
{
  "service": "auth",
  "userId": 1,
  "email": "admin@gym.com",
  "ip": "::ffff:192.168.65.1",
  "success": true
}
2026-08-14 17:11:38 [INFO]: Login Attempt
{
  "service": "auth",
  "userId": 1,
  "email": "admin@gym.com",
  "ip": "::ffff:192.168.65.1",
  "success": true
}
2026-08-14 17:11:38 [INFO]: Login Attempt
{
  "service": "auth",
  "userId": 1,
  "email": "admin@gym.com",
  "ip": "::ffff:192.168.65.1",
  "success": true
}
2026-08-14 17:11:38 [INFO]: Login Attempt
{
  "service": "auth",
  "userId": 1,
  "email": "admin@gym.com",
  "ip": "::ffff:192.168.65.1",
  "success": true
}
2026-08-14 17:11:57 [INFO]: Login Attempt
{
  "service": "auth",
  "userId": 1,
  "email": "admin@gym.com",
  "ip": "::ffff:192.168.65.1",
  "success": true
}
2026-08-14 17:11:57 [WARN]: Client Error 400: Validation failed: password: Password must contain at least one lowercase letter, one uppercase letter, one number, and one special character, phone: Please provide a valid phone number, dateOfBirth: Please provide a valid date of birth
{
  "url": "/api/members",
  "method": "POST",
  "ip": "::ffff:192.168.65.1",
  "userAgent": "Mozilla/5.0 (Macintosh; Intel Mac OS X 10_15_7) AppleWebKit/537.36 (KHTML, like Gecko) Chrome/151.0.0.0 Safari/537.36",
  "userId": 1,
  "body": {
    "username": "DuyenTran10",
    "email": "tranthimyduyen702@gmail.com",
    "password": "10101997",
    "phone": "",
    "fullName": "Duyên Trần",
    "gender": "FEMALE",
    "dateOfBirth": ""
  },
  "params": {},
  "query": {}
}
2026-08-14 17:13:10 [INFO]: Login Attempt
{
  "service": "auth",
  "userId": 1,
  "email": "admin@gym.com",
  "ip": "::ffff:192.168.65.1",
  "success": true
}
2026-08-14 17:13:10 [INFO]: Login Attempt
{
  "service": "auth",
  "userId": 1,
  "email": "admin@gym.com",
  "ip": "::ffff:192.168.65.1",
  "success": true
}
2026-08-14 17:13:10 [INFO]: Login Attempt
{
  "service": "auth",
  "userId": 1,
  "email": "admin@gym.com",
  "ip": "::ffff:192.168.65.1",
  "success": true
}
2026-08-14 17:13:10 [INFO]: Login Attempt
{
  "service": "auth",
  "userId": 1,
  "email": "admin@gym.com",
  "ip": "::ffff:192.168.65.1",
  "success": true
}
2026-08-14 17:13:16 [INFO]: Login Attempt
{
  "service": "auth",
  "userId": 1,
  "email": "admin@gym.com",
  "ip": "::ffff:192.168.65.1",
  "success": true
}
2026-08-14 17:13:36 [INFO]: Login Attempt
{
  "service": "auth",
  "userId": 1,
  "email": "admin@gym.com",
  "ip": "::ffff:192.168.65.1",
  "success": true
}
2026-08-14 17:13:36 [WARN]: Client Error 400: Validation failed: password: Password must contain at least one lowercase letter, one uppercase letter, one number, and one special character, phone: Please provide a valid phone number, dateOfBirth: Please provide a valid date of birth
{
  "url": "/api/trainers",
  "method": "POST",
  "ip": "::ffff:192.168.65.1",
  "userAgent": "Mozilla/5.0 (Macintosh; Intel Mac OS X 10_15_7) AppleWebKit/537.36 (KHTML, like Gecko) Chrome/151.0.0.0 Safari/537.36",
  "userId": 1,
  "body": {
    "username": "DuyenTran10",
    "email": "tranthimyduyen702@gmail.com",
    "password": "10101997",
    "phone": "",
    "fullName": "Duyên Trần",
    "gender": "FEMALE",
    "dateOfBirth": "",
    "experienceYears": 0
  },
  "params": {},
  "query": {}
}
2026-08-14 17:13:56 [INFO]: Login Attempt
{
  "service": "auth",
  "userId": 1,
  "email": "admin@gym.com",
  "ip": "::ffff:192.168.65.1",
  "success": true
}
2026-08-14 17:13:56 [INFO]: Login Attempt
{
  "service": "auth",
  "userId": 1,
  "email": "admin@gym.com",
  "ip": "::ffff:192.168.65.1",
  "success": true
}
2026-08-14 17:13:56 [INFO]: Login Attempt
{
  "service": "auth",
  "userId": 1,
  "email": "admin@gym.com",
  "ip": "::ffff:192.168.65.1",
  "success": true
}
2026-08-14 17:13:56 [INFO]: Login Attempt
{
  "service": "auth",
  "userId": 1,
  "email": "admin@gym.com",
  "ip": "::ffff:192.168.65.1",
  "success": true
}
2026-08-14 17:14:02 [INFO]: Login Attempt
{
  "service": "auth",
  "userId": 1,
  "email": "admin@gym.com",
  "ip": "::ffff:192.168.65.1",
  "success": true
}
2026-08-14 17:14:02 [INFO]: Login Attempt
{
  "service": "auth",
  "userId": 1,
  "email": "admin@gym.com",
  "ip": "::ffff:192.168.65.1",
  "success": true
}
2026-08-14 17:14:16 [INFO]: Login Attempt
{
  "service": "auth",
  "userId": 1,
  "email": "admin@gym.com",
  "ip": "::ffff:192.168.65.1",
  "success": true
}
2026-08-14 17:14:17 [WARN]: Database Validation Error
{
  "url": "/api/users/staff",
  "method": "POST",
  "ip": "::ffff:192.168.65.1",
  "userAgent": "Mozilla/5.0 (Macintosh; Intel Mac OS X 10_15_7) AppleWebKit/537.36 (KHTML, like Gecko) Chrome/151.0.0.0 Safari/537.36",
  "userId": 1,
  "body": {
    "username": "DuyenTran10",
    "email": "tranthimyduyen702@gmail.com",
    "password": "10101997",
    "phone": "",
    "fullName": "Duyên Trần",
    "gender": "MALE",
    "dateOfBirth": ""
  },
  "params": {},
  "query": {},
  "errors": [
    {
      "message": "User.createdAt cannot be null",
      "type": "notNull Violation",
      "path": "createdAt",
      "value": null,
      "origin": "CORE",
      "instance": {
        "id": null,
        "roleId": 2,
        "username": "DuyenTran10",
        "email": "tranthimyduyen702@gmail.com",
        "passwordHash": "$2a$12$BGyDxLKVTs0Rd7k0Z5fZnunbfcsYSr0sf2Cm0GwP4sH0P1RJ0GeBS",
        "phone": "",
        "status": "ACTIVE",
        "updated_at": "2026-08-14T17:14:17.159Z",
        "created_at": "2026-08-14T17:14:17.159Z"
      },
      "validatorKey": "is_null",
      "validatorName": null,
      "validatorArgs": []
    },
    {
      "message": "User.updatedAt cannot be null",
      "type": "notNull Violation",
      "path": "updatedAt",
      "value": null,
      "origin": "CORE",
      "instance": {
        "id": null,
        "roleId": 2,
        "username": "DuyenTran10",
        "email": "tranthimyduyen702@gmail.com",
        "passwordHash": "$2a$12$BGyDxLKVTs0Rd7k0Z5fZnunbfcsYSr0sf2Cm0GwP4sH0P1RJ0GeBS",
        "phone": "",
        "status": "ACTIVE",
        "updated_at": "2026-08-14T17:14:17.159Z",
        "created_at": "2026-08-14T17:14:17.159Z"
      },
      "validatorKey": "is_null",
      "validatorName": null,
      "validatorArgs": []
    },
    {
      "message": "Validation len on phone failed",
      "type": "Validation error",
      "path": "phone",
      "value": "",
      "origin": "FUNCTION",
      "instance": {
        "id": null,
        "roleId": 2,
        "username": "DuyenTran10",
        "email": "tranthimyduyen702@gmail.com",
        "passwordHash": "$2a$12$BGyDxLKVTs0Rd7k0Z5fZnunbfcsYSr0sf2Cm0GwP4sH0P1RJ0GeBS",
        "phone": "",
        "status": "ACTIVE",
        "updated_at": "2026-08-14T17:14:17.159Z",
        "created_at": "2026-08-14T17:14:17.159Z"
      },
      "validatorKey": "len",
      "validatorName": "len",
      "validatorArgs": [
        10,
        20
      ],
      "original": {
        "validatorName": "len",
        "validatorArgs": [
          10,
          20
        ]
      }
    }
  ]
}
2026-08-14 17:14:21 [INFO]: Login Attempt
{
  "service": "auth",
  "userId": 1,
  "email": "admin@gym.com",
  "ip": "::ffff:192.168.65.1",
  "success": true
}
2026-08-14 17:14:21 [INFO]: Login Attempt
{
  "service": "auth",
  "userId": 1,
  "email": "admin@gym.com",
  "ip": "::ffff:192.168.65.1",
  "success": true
}
2026-08-14 17:14:26 [INFO]: Login Attempt
{
  "service": "auth",
  "userId": 1,
  "email": "admin@gym.com",
  "ip": "::ffff:192.168.65.1",
  "success": true
}
2026-08-14 17:14:28 [INFO]: Login Attempt
{
  "service": "auth",
  "userId": 1,
  "email": "admin@gym.com",
  "ip": "::ffff:192.168.65.1",
  "success": true
}
2026-08-14 17:14:32 [INFO]: Login Attempt
{
  "service": "auth",
  "userId": 1,
  "email": "admin@gym.com",
  "ip": "::ffff:192.168.65.1",
  "success": true
}
2026-08-14 17:14:32 [WARN]: Foreign Key Constraint Violation
{
  "url": "/api/packages/7",
  "method": "DELETE",
  "ip": "::ffff:192.168.65.1",
  "userAgent": "Mozilla/5.0 (Macintosh; Intel Mac OS X 10_15_7) AppleWebKit/537.36 (KHTML, like Gecko) Chrome/151.0.0.0 Safari/537.36",
  "userId": 1,
  "body": {},
  "params": {},
  "query": {}
}
2026-08-14 17:15:13 [INFO]: Login Attempt
{
  "service": "auth",
  "userId": 1,
  "email": "admin@gym.com",
  "ip": "::ffff:192.168.65.1",
  "success": true
}
2026-08-14 17:15:13 [INFO]: Login Attempt
{
  "service": "auth",
  "userId": 1,
  "email": "admin@gym.com",
  "ip": "::ffff:192.168.65.1",
  "success": true
}
2026-08-14 17:15:19 [INFO]: Login Attempt
{
  "service": "auth",
  "userId": 1,
  "email": "admin@gym.com",
  "ip": "::ffff:192.168.65.1",
  "success": true
}
2026-08-14 17:15:19 [WARN]: 404 Not Found
{
  "path": "/api/payments/1/status",
  "method": "PUT",
  "ip": "::ffff:192.168.65.1",
  "userAgent": "Mozilla/5.0 (Macintosh; Intel Mac OS X 10_15_7) AppleWebKit/537.36 (KHTML, like Gecko) Chrome/151.0.0.0 Safari/537.36",
  "referer": "http://localhost:3000/"
}
2026-08-14 17:15:24 [INFO]: Login Attempt
{
  "service": "auth",
  "userId": 1,
  "email": "admin@gym.com",
  "ip": "::ffff:192.168.65.1",
  "success": true
}
2026-08-14 17:15:24 [INFO]: Login Attempt
{
  "service": "auth",
  "userId": 1,
  "email": "admin@gym.com",
  "ip": "::ffff:192.168.65.1",
  "success": true
}
2026-08-14 17:15:25 [INFO]: Login Attempt
{
  "service": "auth",
  "userId": 1,
  "email": "admin@gym.com",
  "ip": "::ffff:192.168.65.1",
  "success": true
}
2026-08-14 17:15:25 [INFO]: Login Attempt
{
  "service": "auth",
  "userId": 1,
  "email": "admin@gym.com",
  "ip": "::ffff:192.168.65.1",
  "success": true
}
2026-08-14 17:16:44 [INFO]: Login Attempt
{
  "service": "auth",
  "userId": 1,
  "email": "admin@gym.com",
  "ip": "::ffff:192.168.65.1",
  "success": true
}
2026-08-14 17:16:44 [WARN]: Client Error 400: Validation failed: password: Password must be at least 8 characters long, password: Password must contain at least one lowercase letter, one uppercase letter, one number, and one special character, phone: Please provide a valid phone number, dateOfBirth: Please provide a valid date of birth
{
  "url": "/api/members",
  "method": "POST",
  "ip": "::ffff:192.168.65.1",
  "userAgent": "Mozilla/5.0 (Macintosh; Intel Mac OS X 10_15_7) AppleWebKit/537.36 (KHTML, like Gecko) Chrome/151.0.0.0 Safari/537.36",
  "userId": 1,
  "body": {
    "username": "DuyenTran",
    "email": "tranthimyduyen702@gmail.com",
    "password": "",
    "phone": "",
    "fullName": "Duyen Tran",
    "gender": "FEMALE",
    "dateOfBirth": ""
  },
  "params": {},
  "query": {}
}
2026-08-14 17:17:19 [INFO]: Login Attempt
{
  "service": "auth",
  "userId": 1,
  "email": "admin@gym.com",
  "ip": "::ffff:192.168.65.1",
  "success": true
}
2026-08-14 17:17:19 [WARN]: Client Error 400: Validation failed: password: Password must be at least 8 characters long, password: Password must contain at least one lowercase letter, one uppercase letter, one number, and one special character
{
  "url": "/api/members",
  "method": "POST",
  "ip": "::ffff:192.168.65.1",
  "userAgent": "Mozilla/5.0 (Macintosh; Intel Mac OS X 10_15_7) AppleWebKit/537.36 (KHTML, like Gecko) Chrome/151.0.0.0 Safari/537.36",
  "userId": 1,
  "body": {
    "username": "DuyenTran",
    "email": "tranthimyduyen702@gmail.com",
    "password": "1234567",
    "phone": "0399399940",
    "fullName": "Duyen Tran",
    "gender": "FEMALE",
    "dateOfBirth": "2000-08-05"
  },
  "params": {},
  "query": {}
}
2026-08-14 17:17:55 [INFO]: Login Attempt
{
  "service": "auth",
  "userId": 1,
  "email": "admin@gym.com",
  "ip": "::ffff:192.168.65.1",
  "success": true
}
2026-08-14 17:17:55 [INFO]: Login Attempt
{
  "service": "auth",
  "userId": 1,
  "email": "admin@gym.com",
  "ip": "::ffff:192.168.65.1",
  "success": true
}
2026-08-14 17:17:55 [INFO]: Login Attempt
{
  "service": "auth",
  "userId": 1,
  "email": "admin@gym.com",
  "ip": "::ffff:192.168.65.1",
  "success": true
}
2026-08-14 17:17:55 [INFO]: Login Attempt
{
  "service": "auth",
  "userId": 1,
  "email": "admin@gym.com",
  "ip": "::ffff:192.168.65.1",
  "success": true
}
2026-08-14 17:17:55 [INFO]: Login Attempt
{
  "service": "auth",
  "userId": 1,
  "email": "admin@gym.com",
  "ip": "::ffff:192.168.65.1",
  "success": true
}
2026-08-14 17:17:55 [INFO]: Login Attempt
{
  "service": "auth",
  "userId": 1,
  "email": "admin@gym.com",
  "ip": "::ffff:192.168.65.1",
  "success": true
}
2026-08-14 17:18:00 [INFO]: Login Attempt
{
  "service": "auth",
  "userId": 1,
  "email": "admin@gym.com",
  "ip": "::ffff:192.168.65.1",
  "success": true
}
2026-08-14 17:18:00 [INFO]: Login Attempt
{
  "service": "auth",
  "userId": 1,
  "email": "admin@gym.com",
  "ip": "::ffff:192.168.65.1",
  "success": true
}
2026-08-14 17:18:00 [INFO]: Login Attempt
{
  "service": "auth",
  "userId": 1,
  "email": "admin@gym.com",
  "ip": "::ffff:192.168.65.1",
  "success": true
}
2026-08-14 17:18:00 [INFO]: Login Attempt
{
  "service": "auth",
  "userId": 1,
  "email": "admin@gym.com",
  "ip": "::ffff:192.168.65.1",
  "success": true
}
2026-08-14 17:18:38 [INFO]: Login Attempt
{
  "service": "auth",
  "userId": 1,
  "email": "admin@gym.com",
  "ip": "::ffff:192.168.65.1",
  "success": true
}
2026-08-14 17:18:38 [INFO]: Login Attempt
{
  "service": "auth",
  "userId": 1,
  "email": "admin@gym.com",
  "ip": "::ffff:192.168.65.1",
  "success": true
}
2026-08-14 17:18:38 [INFO]: Login Attempt
{
  "service": "auth",
  "userId": 1,
  "email": "admin@gym.com",
  "ip": "::ffff:192.168.65.1",
  "success": true
}
2026-08-14 17:18:38 [INFO]: Login Attempt
{
  "service": "auth",
  "userId": 1,
  "email": "admin@gym.com",
  "ip": "::ffff:192.168.65.1",
  "success": true
}
2026-08-14 17:19:23 [INFO]: Login Attempt
{
  "service": "auth",
  "userId": 1,
  "email": "admin@gym.com",
  "ip": "::ffff:192.168.65.1",
  "success": true
}
2026-08-14 17:19:23 [WARN]: Client Error 400: Validation failed: username: Username can only contain letters, numbers, and underscores, password: Password must contain at least one lowercase letter, one uppercase letter, one number, and one special character, phone: Please provide a valid phone number, dateOfBirth: Please provide a valid date of birth
{
  "url": "/api/members",
  "method": "POST",
  "ip": "::ffff:192.168.65.1",
  "userAgent": "Mozilla/5.0 (Macintosh; Intel Mac OS X 10_15_7) AppleWebKit/537.36 (KHTML, like Gecko) Chrome/151.0.0.0 Safari/537.36",
  "userId": 1,
  "body": {
    "username": "ngo.linh",
    "email": "tranthimyduyen702@gym.com",
    "password": "111111111111",
    "phone": "",
    "fullName": "Ngo Linh",
    "gender": "FEMALE",
    "dateOfBirth": ""
  },
  "params": {},
  "query": {}
}
2026-08-14 17:19:45 [INFO]: Login Attempt
{
  "service": "auth",
  "userId": 1,
  "email": "admin@gym.com",
  "ip": "::ffff:192.168.65.1",
  "success": true
}
2026-08-14 17:19:45 [INFO]: Login Attempt
{
  "service": "auth",
  "userId": 1,
  "email": "admin@gym.com",
  "ip": "::ffff:192.168.65.1",
  "success": true
}
2026-08-14 17:19:45 [INFO]: Login Attempt
{
  "service": "auth",
  "userId": 1,
  "email": "admin@gym.com",
  "ip": "::ffff:192.168.65.1",
  "success": true
}
2026-08-14 17:19:45 [INFO]: Login Attempt
{
  "service": "auth",
  "userId": 1,
  "email": "admin@gym.com",
  "ip": "::ffff:192.168.65.1",
  "success": true
}
2026-08-14 17:19:45 [INFO]: Login Attempt
{
  "service": "auth",
  "userId": 1,
  "email": "admin@gym.com",
  "ip": "::ffff:192.168.65.1",
  "success": true
}
2026-08-14 17:19:45 [INFO]: Login Attempt
{
  "service": "auth",
  "userId": 1,
  "email": "admin@gym.com",
  "ip": "::ffff:192.168.65.1",
  "success": true
}
2026-08-14 17:20:00 [INFO]: Login Attempt
{
  "service": "auth",
  "userId": 1,
  "email": "admin@gym.com",
  "ip": "::ffff:192.168.65.1",
  "success": true
}
2026-08-14 17:20:01 [INFO]: Login Attempt
{
  "service": "auth",
  "userId": 1,
  "email": "admin@gym.com",
  "ip": "::ffff:192.168.65.1",
  "success": true
}
2026-08-14 17:20:05 [INFO]: Login Attempt
{
  "service": "auth",
  "userId": 3,
  "email": "trainer@gym.com",
  "ip": "",
  "success": true
}
2026-08-14 17:20:05 [INFO]: Login Attempt
{
  "service": "auth",
  "userId": 3,
  "email": "trainer@gym.com",
  "ip": "::ffff:192.168.65.1",
  "success": true
}
2026-08-14 17:20:05 [INFO]: Login Attempt
{
  "service": "auth",
  "userId": 3,
  "email": "trainer@gym.com",
  "ip": "::ffff:192.168.65.1",
  "success": true
}
2026-08-14 17:20:05 [INFO]: Login Attempt
{
  "service": "auth",
  "userId": 3,
  "email": "trainer@gym.com",
  "ip": "::ffff:192.168.65.1",
  "success": true
}
2026-08-14 17:20:05 [INFO]: Login Attempt
{
  "service": "auth",
  "userId": 3,
  "email": "trainer@gym.com",
  "ip": "::ffff:192.168.65.1",
  "success": true
}
2026-08-14 17:20:05 [INFO]: Login Attempt
{
  "service": "auth",
  "userId": 3,
  "email": "trainer@gym.com",
  "ip": "::ffff:192.168.65.1",
  "success": true
}
2026-08-14 17:20:10 [INFO]: Login Attempt
{
  "service": "auth",
  "userId": 3,
  "email": "trainer@gym.com",
  "ip": "::ffff:192.168.65.1",
  "success": true
}
2026-08-14 17:20:10 [INFO]: Login Attempt
{
  "service": "auth",
  "userId": 3,
  "email": "trainer@gym.com",
  "ip": "::ffff:192.168.65.1",
  "success": true
}
2026-08-14 17:20:10 [INFO]: Login Attempt
{
  "service": "auth",
  "userId": 3,
  "email": "trainer@gym.com",
  "ip": "::ffff:192.168.65.1",
  "success": true
}
2026-08-14 17:20:10 [INFO]: Login Attempt
{
  "service": "auth",
  "userId": 3,
  "email": "trainer@gym.com",
  "ip": "::ffff:192.168.65.1",
  "success": true
}
2026-08-14 17:20:21 [INFO]: Login Attempt
{
  "service": "auth",
  "userId": 3,
  "email": "trainer@gym.com",
  "ip": "::ffff:192.168.65.1",
  "success": true
}
2026-08-14 17:20:21 [INFO]: Login Attempt
{
  "service": "auth",
  "userId": 3,
  "email": "trainer@gym.com",
  "ip": "::ffff:192.168.65.1",
  "success": true
}
2026-08-14 17:20:21 [INFO]: Login Attempt
{
  "service": "auth",
  "userId": 3,
  "email": "trainer@gym.com",
  "ip": "::ffff:192.168.65.1",
  "success": true
}
2026-08-14 17:20:21 [INFO]: Login Attempt
{
  "service": "auth",
  "userId": 3,
  "email": "trainer@gym.com",
  "ip": "::ffff:192.168.65.1",
  "success": true
}
2026-08-14 17:20:26 [INFO]: Login Attempt
{
  "service": "auth",
  "userId": 3,
  "email": "trainer@gym.com",
  "ip": "::ffff:192.168.65.1",
  "success": true
}
2026-08-14 17:20:26 [INFO]: Login Attempt
{
  "service": "auth",
  "userId": 3,
  "email": "trainer@gym.com",
  "ip": "::ffff:192.168.65.1",
  "success": true
}
2026-08-14 17:20:26 [INFO]: Login Attempt
{
  "service": "auth",
  "userId": 3,
  "email": "trainer@gym.com",
  "ip": "::ffff:192.168.65.1",
  "success": true
}
2026-08-14 17:20:26 [INFO]: Login Attempt
{
  "service": "auth",
  "userId": 3,
  "email": "trainer@gym.com",
  "ip": "::ffff:192.168.65.1",
  "success": true
}
2026-08-14 17:20:30 [INFO]: Login Attempt
{
  "service": "auth",
  "userId": 3,
  "email": "trainer@gym.com",
  "ip": "::ffff:192.168.65.1",
  "success": true
}
2026-08-14 17:20:31 [INFO]: Login Attempt
{
  "service": "auth",
  "userId": 3,
  "email": "trainer@gym.com",
  "ip": "::ffff:192.168.65.1",
  "success": true
}
2026-08-14 17:20:35 [INFO]: Login Attempt
{
  "service": "auth",
  "userId": 3,
  "email": "trainer@gym.com",
  "ip": "::ffff:192.168.65.1",
  "success": true
}
2026-08-14 17:21:16 [INFO]: Login Attempt
{
  "service": "auth",
  "userId": 3,
  "email": "trainer@gym.com",
  "ip": "::ffff:192.168.65.1",
  "success": true
}
2026-08-14 17:21:16 [INFO]: User Logout
{
  "service": "auth",
  "userId": 3,
  "email": "trainer@gym.com"
}
2026-08-14 17:21:27 [INFO]: Login Attempt
{
  "service": "auth",
  "userId": 2,
  "email": "staff@gym.com",
  "ip": "::ffff:192.168.65.1",
  "success": false
}
2026-08-14 17:21:27 [WARN]: Client Error 401: Account is not active
{
  "url": "/api/auth/login",
  "method": "POST",
  "ip": "::ffff:192.168.65.1",
  "userAgent": "Mozilla/5.0 (Macintosh; Intel Mac OS X 10_15_7) AppleWebKit/537.36 (KHTML, like Gecko) Chrome/151.0.0.0 Safari/537.36",
  "body": {
    "email": "staff@gym.com",
    "password": "password"
  },
  "params": {},
  "query": {}
}
2026-08-14 17:21:51 [INFO]: Login Attempt
{
  "service": "auth",
  "userId": 1,
  "email": "admin@gym.com",
  "ip": "",
  "success": true
}
2026-08-14 17:21:51 [INFO]: Login Attempt
{
  "service": "auth",
  "userId": 1,
  "email": "admin@gym.com",
  "ip": "::ffff:192.168.65.1",
  "success": true
}
2026-08-14 17:21:51 [INFO]: Login Attempt
{
  "service": "auth",
  "userId": 1,
  "email": "admin@gym.com",
  "ip": "::ffff:192.168.65.1",
  "success": true
}
2026-08-14 17:21:51 [INFO]: Login Attempt
{
  "service": "auth",
  "userId": 1,
  "email": "admin@gym.com",
  "ip": "::ffff:192.168.65.1",
  "success": true
}
2026-08-14 17:21:55 [INFO]: Login Attempt
{
  "service": "auth",
  "userId": 1,
  "email": "admin@gym.com",
  "ip": "::ffff:192.168.65.1",
  "success": true
}
2026-08-14 17:21:55 [INFO]: User Logout
{
  "service": "auth",
  "userId": 1,
  "email": "admin@gym.com"
}
2026-08-14 17:22:00 [INFO]: Login Attempt
{
  "service": "auth",
  "userId": 5,
  "email": "member@gym.com",
  "ip": "",
  "success": true
}
2026-08-14 17:22:01 [INFO]: Login Attempt
{
  "service": "auth",
  "userId": 5,
  "email": "member@gym.com",
  "ip": "::ffff:192.168.65.1",
  "success": true
}
2026-08-14 17:22:01 [INFO]: Login Attempt
{
  "service": "auth",
  "userId": 5,
  "email": "member@gym.com",
  "ip": "::ffff:192.168.65.1",
  "success": true
}
2026-08-14 17:23:35 [INFO]: SIGTERM received, shutting down gracefully
2026-08-14 17:23:38 [INFO]: Database connection established successfully (development)
2026-08-14 17:23:38 [INFO]: Database ready for use (using migrations)
2026-08-14 17:23:38 [INFO]: Database connected successfully
2026-08-14 17:23:38 [INFO]: Session store configured (memory store)
2026-08-14 17:23:38 [INFO]: Redis session store configured
2026-08-14 17:23:38 [INFO]: 🚀 Server running on port 5000 in development mode
2026-08-14 17:23:38 [INFO]: 📊 API Health: http://localhost:5000/api/health
2026-08-14 17:23:38 [INFO]: 📖 API Docs: http://localhost:5000/api/docs
2026-08-14 17:23:59 [INFO]: Login Attempt
{
  "service": "auth",
  "userId": 5,
  "email": "member@gym.com",
  "ip": "",
  "success": true
}
2026-08-14 17:23:59 [INFO]: Login Attempt
{
  "service": "auth",
  "userId": 5,
  "email": "member@gym.com",
  "ip": "::ffff:192.168.65.1",
  "success": true
}
2026-08-14 17:23:59 [INFO]: Redis Client Connected
2026-08-14 17:23:59 [INFO]: Redis Client Ready
2026-08-14 17:23:59 [INFO]: Login Attempt
{
  "service": "auth",
  "userId": 5,
  "email": "member@gym.com",
  "ip": "::ffff:192.168.65.1",
  "success": true
}
2026-08-14 17:24:00 [INFO]: Login Attempt
{
  "service": "auth",
  "userId": 5,
  "email": "member@gym.com",
  "ip": "::ffff:192.168.65.1",
  "success": true
}
2026-08-14 17:24:02 [INFO]: Login Attempt
{
  "service": "auth",
  "userId": 5,
  "email": "member@gym.com",
  "ip": "::ffff:192.168.65.1",
  "success": true
}
2026-08-14 17:24:02 [INFO]: Login Attempt
{
  "service": "auth",
  "userId": 5,
  "email": "member@gym.com",
  "ip": "::ffff:192.168.65.1",
  "success": true
}
2026-08-14 17:24:02 [INFO]: Login Attempt
{
  "service": "auth",
  "userId": 5,
  "email": "member@gym.com",
  "ip": "::ffff:192.168.65.1",
  "success": true
}
2026-08-14 17:24:02 [INFO]: Login Attempt
{
  "service": "auth",
  "userId": 5,
  "email": "member@gym.com",
  "ip": "::ffff:192.168.65.1",
  "success": true
}
2026-08-14 17:24:02 [INFO]: Login Attempt
{
  "service": "auth",
  "userId": 5,
  "email": "member@gym.com",
  "ip": "::ffff:192.168.65.1",
  "success": true
}
2026-08-14 17:24:02 [INFO]: Login Attempt
{
  "service": "auth",
  "userId": 5,
  "email": "member@gym.com",
  "ip": "::ffff:192.168.65.1",
  "success": true
}
2026-08-14 17:24:02 [INFO]: Login Attempt
{
  "service": "auth",
  "userId": 5,
  "email": "member@gym.com",
  "ip": "::ffff:192.168.65.1",
  "success": true
}
2026-08-14 17:24:02 [INFO]: Login Attempt
{
  "service": "auth",
  "userId": 5,
  "email": "member@gym.com",
  "ip": "::ffff:192.168.65.1",
  "success": true
}
2026-08-14 17:24:04 [INFO]: Login Attempt
{
  "service": "auth",
  "userId": 5,
  "email": "member@gym.com",
  "ip": "::ffff:192.168.65.1",
  "success": true
}
2026-08-14 17:24:04 [INFO]: Login Attempt
{
  "service": "auth",
  "userId": 5,
  "email": "member@gym.com",
  "ip": "::ffff:192.168.65.1",
  "success": true
}
2026-08-14 17:24:05 [INFO]: Login Attempt
{
  "service": "auth",
  "userId": 5,
  "email": "member@gym.com",
  "ip": "::ffff:192.168.65.1",
  "success": true
}
2026-08-14 17:24:05 [INFO]: Login Attempt
{
  "service": "auth",
  "userId": 5,
  "email": "member@gym.com",
  "ip": "::ffff:192.168.65.1",
  "success": true
}
2026-08-14 17:24:05 [WARN]: 404 Not Found
{
  "path": "/api/progress/exercises?limit=100",
  "method": "GET",
  "ip": "::ffff:192.168.65.1",
  "userAgent": "Mozilla/5.0 (Macintosh; Intel Mac OS X 10_15_7) AppleWebKit/537.36 (KHTML, like Gecko) Chrome/151.0.0.0 Safari/537.36",
  "referer": "http://localhost:3000/"
}
2026-08-14 17:24:05 [INFO]: Login Attempt
{
  "service": "auth",
  "userId": 5,
  "email": "member@gym.com",
  "ip": "::ffff:192.168.65.1",
  "success": true
}
2026-08-14 17:24:05 [WARN]: 404 Not Found
{
  "path": "/api/progress/exercises?limit=100",
  "method": "GET",
  "ip": "::ffff:192.168.65.1",
  "userAgent": "Mozilla/5.0 (Macintosh; Intel Mac OS X 10_15_7) AppleWebKit/537.36 (KHTML, like Gecko) Chrome/151.0.0.0 Safari/537.36",
  "referer": "http://localhost:3000/"
}
2026-08-14 17:24:05 [INFO]: Login Attempt
{
  "service": "auth",
  "userId": 5,
  "email": "member@gym.com",
  "ip": "::ffff:192.168.65.1",
  "success": true
}
2026-08-14 17:24:07 [INFO]: Login Attempt
{
  "service": "auth",
  "userId": 5,
  "email": "member@gym.com",
  "ip": "::ffff:192.168.65.1",
  "success": true
}
2026-08-14 17:24:07 [INFO]: Login Attempt
{
  "service": "auth",
  "userId": 5,
  "email": "member@gym.com",
  "ip": "::ffff:192.168.65.1",
  "success": true
}
2026-08-14 17:24:07 [INFO]: Login Attempt
{
  "service": "auth",
  "userId": 5,
  "email": "member@gym.com",
  "ip": "::ffff:192.168.65.1",
  "success": true
}
2026-08-14 17:24:07 [INFO]: Login Attempt
{
  "service": "auth",
  "userId": 5,
  "email": "member@gym.com",
  "ip": "::ffff:192.168.65.1",
  "success": true
}
2026-08-14 17:24:17 [INFO]: Login Attempt
{
  "service": "auth",
  "userId": 5,
  "email": "member@gym.com",
  "ip": "::ffff:192.168.65.1",
  "success": true
}
2026-08-14 17:24:17 [WARN]: Access denied
{
  "service": "app",
  "userId": 5,
  "userRole": "MEMBER",
  "allowedRoles": [
    "ADMIN",
    "STAFF"
  ],
  "path": "/api/subscriptions/1/renew",
  "method": "POST",
  "ip": "::ffff:192.168.65.1"
}
2026-08-14 17:24:17 [WARN]: Client Error 403: Insufficient permissions
{
  "url": "/api/subscriptions/1/renew",
  "method": "POST",
  "ip": "::ffff:192.168.65.1",
  "userAgent": "Mozilla/5.0 (Macintosh; Intel Mac OS X 10_15_7) AppleWebKit/537.36 (KHTML, like Gecko) Chrome/151.0.0.0 Safari/537.36",
  "userId": 5,
  "body": {
    "packageId": 3,
    "paymentMethod": "CASH"
  },
  "params": {},
  "query": {}
}
2026-08-14 17:24:22 [INFO]: Login Attempt
{
  "service": "auth",
  "userId": 5,
  "email": "member@gym.com",
  "ip": "::ffff:192.168.65.1",
  "success": true
}
2026-08-14 17:24:22 [INFO]: Login Attempt
{
  "service": "auth",
  "userId": 5,
  "email": "member@gym.com",
  "ip": "::ffff:192.168.65.1",
  "success": true
}
2026-08-14 17:24:22 [WARN]: 404 Not Found
{
  "path": "/api/progress/exercises?limit=100",
  "method": "GET",
  "ip": "::ffff:192.168.65.1",
  "userAgent": "Mozilla/5.0 (Macintosh; Intel Mac OS X 10_15_7) AppleWebKit/537.36 (KHTML, like Gecko) Chrome/151.0.0.0 Safari/537.36",
  "referer": "http://localhost:3000/"
}
2026-08-14 17:24:22 [INFO]: Login Attempt
{
  "service": "auth",
  "userId": 5,
  "email": "member@gym.com",
  "ip": "::ffff:192.168.65.1",
  "success": true
}
2026-08-14 17:24:22 [WARN]: 404 Not Found
{
  "path": "/api/progress/exercises?limit=100",
  "method": "GET",
  "ip": "::ffff:192.168.65.1",
  "userAgent": "Mozilla/5.0 (Macintosh; Intel Mac OS X 10_15_7) AppleWebKit/537.36 (KHTML, like Gecko) Chrome/151.0.0.0 Safari/537.36",
  "referer": "http://localhost:3000/"
}
2026-08-14 17:24:22 [INFO]: Login Attempt
{
  "service": "auth",
  "userId": 5,
  "email": "member@gym.com",
  "ip": "::ffff:192.168.65.1",
  "success": true
}
2026-08-14 17:24:27 [INFO]: Login Attempt
{
  "service": "auth",
  "userId": 5,
  "email": "member@gym.com",
  "ip": "::ffff:192.168.65.1",
  "success": true
}
2026-08-14 17:24:27 [WARN]: 404 Not Found
{
  "path": "/api/progress/my-progress",
  "method": "PUT",
  "ip": "::ffff:192.168.65.1",
  "userAgent": "Mozilla/5.0 (Macintosh; Intel Mac OS X 10_15_7) AppleWebKit/537.36 (KHTML, like Gecko) Chrome/151.0.0.0 Safari/537.36",
  "referer": "http://localhost:3000/"
}
2026-08-14 17:26:06 [INFO]: Login Attempt
{
  "service": "auth",
  "userId": 5,
  "email": "member@gym.com",
  "ip": "::ffff:192.168.65.1",
  "success": true
}
2026-08-14 17:26:06 [INFO]: User Logout
{
  "service": "auth",
  "userId": 5,
  "email": "member@gym.com"
}
2026-08-14 17:26:12 [INFO]: Login Attempt
{
  "service": "auth",
  "userId": 1,
  "email": "admin@gym.com",
  "ip": "",
  "success": true
}
2026-08-14 17:26:12 [INFO]: Login Attempt
{
  "service": "auth",
  "userId": 1,
  "email": "admin@gym.com",
  "ip": "::ffff:192.168.65.1",
  "success": true
}
2026-08-14 17:26:12 [INFO]: Login Attempt
{
  "service": "auth",
  "userId": 1,
  "email": "admin@gym.com",
  "ip": "::ffff:192.168.65.1",
  "success": true
}
2026-08-14 17:26:12 [INFO]: Login Attempt
{
  "service": "auth",
  "userId": 1,
  "email": "admin@gym.com",
  "ip": "::ffff:192.168.65.1",
  "success": true
}
2026-08-14 17:26:33 [INFO]: Login Attempt
{
  "service": "auth",
  "userId": 1,
  "email": "admin@gym.com",
  "ip": "::ffff:192.168.65.1",
  "success": true
}
2026-08-14 17:26:33 [INFO]: Login Attempt
{
  "service": "auth",
  "userId": 1,
  "email": "admin@gym.com",
  "ip": "::ffff:192.168.65.1",
  "success": true
}
2026-08-14 17:26:33 [INFO]: Login Attempt
{
  "service": "auth",
  "userId": 1,
  "email": "admin@gym.com",
  "ip": "::ffff:192.168.65.1",
  "success": true
}
2026-08-14 17:26:33 [INFO]: Login Attempt
{
  "service": "auth",
  "userId": 1,
  "email": "admin@gym.com",
  "ip": "::ffff:192.168.65.1",
  "success": true
}
2026-08-14 17:27:03 [INFO]: Login Attempt
{
  "service": "auth",
  "userId": 1,
  "email": "admin@gym.com",
  "ip": "::ffff:192.168.65.1",
  "success": true
}
2026-08-14 17:27:03 [WARN]: Client Error 400: Validation failed: password: Password must contain at least one lowercase letter, one uppercase letter, one number, and one special character, phone: Please provide a valid phone number, dateOfBirth: Please provide a valid date of birth
{
  "url": "/api/members",
  "method": "POST",
  "ip": "::ffff:192.168.65.1",
  "userAgent": "Mozilla/5.0 (Macintosh; Intel Mac OS X 10_15_7) AppleWebKit/537.36 (KHTML, like Gecko) Chrome/151.0.0.0 Safari/537.36",
  "userId": 1,
  "body": {
    "username": "duyentran",
    "email": "tranthimyduyen702@gmail.com",
    "password": "12345678",
    "phone": "",
    "fullName": "Duyen Tran",
    "gender": "FEMALE",
    "dateOfBirth": ""
  },
  "params": {},
  "query": {}
}
2026-08-14 17:27:14 [INFO]: Login Attempt
{
  "service": "auth",
  "userId": 1,
  "email": "admin@gym.com",
  "ip": "::ffff:192.168.65.1",
  "success": true
}
2026-08-14 17:27:14 [WARN]: Client Error 400: Validation failed: password: Password must contain at least one lowercase letter, one uppercase letter, one number, and one special character
{
  "url": "/api/members",
  "method": "POST",
  "ip": "::ffff:192.168.65.1",
  "userAgent": "Mozilla/5.0 (Macintosh; Intel Mac OS X 10_15_7) AppleWebKit/537.36 (KHTML, like Gecko) Chrome/151.0.0.0 Safari/537.36",
  "userId": 1,
  "body": {
    "username": "duyentran",
    "email": "tranthimyduyen702@gmail.com",
    "password": "12345678",
    "phone": "0399399940",
    "fullName": "Duyen Tran",
    "gender": "FEMALE",
    "dateOfBirth": "1990-12-12"
  },
  "params": {},
  "query": {}
}
2026-08-14 17:27:32 [INFO]: Login Attempt
{
  "service": "auth",
  "userId": 1,
  "email": "admin@gym.com",
  "ip": "::ffff:192.168.65.1",
  "success": true
}
2026-08-14 17:27:32 [WARN]: Client Error 400: Validation failed: password: Password must contain at least one lowercase letter, one uppercase letter, one number, and one special character
{
  "url": "/api/members",
  "method": "POST",
  "ip": "::ffff:192.168.65.1",
  "userAgent": "Mozilla/5.0 (Macintosh; Intel Mac OS X 10_15_7) AppleWebKit/537.36 (KHTML, like Gecko) Chrome/151.0.0.0 Safari/537.36",
  "userId": 1,
  "body": {
    "username": "duyentran",
    "email": "tranthimyduyen702@gmail.com",
    "password": "12345678",
    "phone": "0399399940",
    "fullName": "Duyen Tran",
    "gender": "FEMALE",
    "dateOfBirth": "1990-12-12"
  },
  "params": {},
  "query": {}
}
2026-08-14 17:28:01 [INFO]: Login Attempt
{
  "service": "auth",
  "userId": 1,
  "email": "admin@gym.com",
  "ip": "::ffff:192.168.65.1",
  "success": true
}
2026-08-14 17:28:01 [INFO]: Login Attempt
{
  "service": "auth",
  "userId": 1,
  "email": "admin@gym.com",
  "ip": "::ffff:192.168.65.1",
  "success": true
}
2026-08-14 17:28:01 [INFO]: Login Attempt
{
  "service": "auth",
  "userId": 1,
  "email": "admin@gym.com",
  "ip": "::ffff:192.168.65.1",
  "success": true
}
2026-08-14 17:28:01 [INFO]: Login Attempt
{
  "service": "auth",
  "userId": 1,
  "email": "admin@gym.com",
  "ip": "::ffff:192.168.65.1",
  "success": true
}
2026-08-14 17:28:23 [INFO]: Login Attempt
{
  "service": "auth",
  "userId": 1,
  "email": "admin@gym.com",
  "ip": "::ffff:192.168.65.1",
  "success": true
}
2026-08-14 17:28:24 [WARN]: Database Validation Error
{
  "url": "/api/users/staff",
  "method": "POST",
  "ip": "::ffff:192.168.65.1",
  "userAgent": "Mozilla/5.0 (Macintosh; Intel Mac OS X 10_15_7) AppleWebKit/537.36 (KHTML, like Gecko) Chrome/151.0.0.0 Safari/537.36",
  "userId": 1,
  "body": {
    "username": "duyentran",
    "email": "tranthimyduyen702@gmail.com",
    "password": "12234455",
    "phone": "0989082726",
    "fullName": "Duyen Tran",
    "gender": "MALE",
    "dateOfBirth": "1900-12-12"
  },
  "params": {},
  "query": {},
  "errors": [
    {
      "message": "User.createdAt cannot be null",
      "type": "notNull Violation",
      "path": "createdAt",
      "value": null,
      "origin": "CORE",
      "instance": {
        "id": null,
        "roleId": 2,
        "username": "duyentran",
        "email": "tranthimyduyen702@gmail.com",
        "passwordHash": "$2a$12$jp6OxzNUZ/cW2qKl9WCqmOyTajrNUfZsJwUojGs5BqGBuru7RS03.",
        "phone": "0989082726",
        "status": "ACTIVE",
        "updated_at": "2026-08-14T17:28:24.164Z",
        "created_at": "2026-08-14T17:28:24.164Z"
      },
      "validatorKey": "is_null",
      "validatorName": null,
      "validatorArgs": []
    },
    {
      "message": "User.updatedAt cannot be null",
      "type": "notNull Violation",
      "path": "updatedAt",
      "value": null,
      "origin": "CORE",
      "instance": {
        "id": null,
        "roleId": 2,
        "username": "duyentran",
        "email": "tranthimyduyen702@gmail.com",
        "passwordHash": "$2a$12$jp6OxzNUZ/cW2qKl9WCqmOyTajrNUfZsJwUojGs5BqGBuru7RS03.",
        "phone": "0989082726",
        "status": "ACTIVE",
        "updated_at": "2026-08-14T17:28:24.164Z",
        "created_at": "2026-08-14T17:28:24.164Z"
      },
      "validatorKey": "is_null",
      "validatorName": null,
      "validatorArgs": []
    }
  ]
}
2026-08-14 17:28:51 [INFO]: Login Attempt
{
  "service": "auth",
  "userId": 1,
  "email": "admin@gym.com",
  "ip": "::ffff:192.168.65.1",
  "success": true
}
2026-08-14 17:28:51 [INFO]: Login Attempt
{
  "service": "auth",
  "userId": 1,
  "email": "admin@gym.com",
  "ip": "::ffff:192.168.65.1",
  "success": true
}
2026-08-14 17:28:58 [INFO]: Login Attempt
{
  "service": "auth",
  "userId": 1,
  "email": "admin@gym.com",
  "ip": "::ffff:192.168.65.1",
  "success": true
}
2026-08-14 17:28:58 [INFO]: Login Attempt
{
  "service": "auth",
  "userId": 1,
  "email": "admin@gym.com",
  "ip": "::ffff:192.168.65.1",
  "success": true
}
